File "tests/typing/warning-unused/type_variable.p", line 3, character 22-32:
[1m[95mWarning[0;1m[0m Quantified type variable `A : Type` is unused
