File "tests/typing/pass/smtlib/v2.6/reset/test.smt2", line 3, character 0-13:
Error Missing logic (aka set-logic for smtlib2).
