File "tests/typing/hints/literals/real.smt2", line 2, character 11-14:
Error Unbound identifier: `1.0`
Hint: The current logic does not include real arithmtic
