[1m[97mFile "tests/typing/error-unfounded_datatype/error.smt2", line 2, character 0-79:
[0;1m[0m[1m[91mError[0;1m[0m Not well founded datatype declaration
