File "", line 1, character 39-40:
Error (005) while parsing an attribute list, read the reserved word '_',
      but expected either a closing parenthesis, or another attribute of the
      form "keyword value".

