[1m[97mFile "tests/parsing/smtlib/v2.6/errors/006_attribute_bad_name.smt2", line 2, character 15-16:
[0;1m[0m[1m[91mError[0;1m[0m while parsing a term, read the reserved word '_',
      but expected an attribute of the form ":symbol value".

