File "", line 1, character 27-28:
Error (007) while parsing a term with attribute, read the reserved word '_',
      but expected a term..

