File "", line 1, character 44-50:
Error (008) while parsing a term, read the symbol 'blabla',
      but expected a closing parenthesis to end the existencially quantified
      formula.

