File "", line 1, character 41-42:
Error (014) while parsing a list of sorted variables,
      read the reserved word '_',
      but expected either a closing parentheis, or a sorted var of the form
      "(var sort)".

