File "", line 1, character 31-32:
Error (025) while parsing a variable binding, read the reserved word '_',
      but expected a symbol (i.e. variable name).

