File "", line 1, character 29-32:
Error (027) while parsing a term, read the symbol 'foo',
      but expected a variable binding list, starting with an opening
      parenthesis.

