File "", line 1, character 145-146:
Error (031) while parsing a match, read the integer '5',
      but expected a closing parenthesis to close the match.

