File "", line 1, character 39-40:
Error Syntax error (state 275) while reading the reserved word '_'.

