File "", line 1, character 53-54:
Error Syntax error (state 251) while reading the reserved word '_'.

