File "", line 1, character 46-47:
Error Syntax error (state 223) while reading the reserved word '_'.

