File "", line 1, character 34-35:
Error Syntax error (state 206) while reading the reserved word '_'.

