File "", line 1, character 57-58:
Error Syntax error (state 193) while reading the reserved word '_'.

