File "", line 1, character 49-50:
Error Syntax error (state 190) while reading the reserved word '_'.

