File "", line 1, character 49-50:
Error Syntax error (state 178) while reading the reserved word '_'.

