File "", line 1, character 32-33:
Error Syntax error (state 153) while reading the reserved word '_'.

