File "", line 1, character 26-29:
Error Syntax error (state 147) while reading the symbol 'foo'.

