File "", line 1, character 27-28:
Error Syntax error (state 140) while reading the reserved word '_'.

