File "", line 1, character 7-8:
Error Syntax error (state 41) while reading the reserved word '_'.

