File "", line 1, character 5-6:
Error Syntax error (state 40) while reading the reserved word '_'.

