File "", line 1, character 6-7:
Error Syntax error (state 37) while reading the reserved word '_'.

