File "", line 1, character 15-19:
Error Syntax error (state 31) while reading the keyword ':bar'.

