File "", line 1, character 10-11:
Error Syntax error (state 30) while reading the reserved word '_'.

