File "", line 1, character 15-16:
Error Syntax error (state 28) while reading the reserved word '_'.

