[91mError[0m File 'tests/typing/errors/wrong-type/test_smtlib.smt2', line 5, character 8-13:
      The term: a has type foo but was expected to be of type int

