[91mError[0m File 'tests/typing/errors/logic_linear/test.smt2', line 4, character 13-20:
      Non-linear expressions are forbidden by the logic.

