File 'tests/tptp/SYN000_1.p', line 143, character 7-13:
[95mWarning[0m Quantified term variable `X : new` is unused
