[1m[97m[0;1m[0m[1m[95mWarning[0;1m[0m The following header fields are missing and thus default values will be assumed: :license
